
> bristol-forage@0.1.0 build
> next build

  Ôû▓ Next.js 14.2.35

   Creating an optimized production build ...
 Ô£ô Compiled successfully
   Linting and checking validity of types ...
   Collecting page data ...
   Generating static pages (0/25) ...
   Generating static pages (6/25) 
   Generating static pages (12/25) 
   Generating static pages (18/25) 
 Ô£ô Generating static pages (25/25)
   Finalizing page optimization ...
   Collecting build traces ...

Route (app)                              Size     First Load JS
Ôöî Ôùï /                                    5.34 kB         101 kB
Ôö£ Ôùï /_not-found                          138 B          87.5 kB
Ôö£ Ôùï /community                           4.22 kB        99.4 kB
Ôö£ Ôùï /guide                               2.73 kB         107 kB
Ôö£ ÔùÅ /guide/[slug]                        178 B          96.3 kB
Ôö£   Ôö£ /guide/blackberry
Ôö£   Ôö£ /guide/sloe
Ôö£   Ôö£ /guide/elder
Ôö£   Ôöö [+15 more paths]
Ôöö Ôùï /map                                 1.29 kB        88.7 kB
+ First Load JS shared by all            87.4 kB
  Ôö£ chunks/117-d487c5796c453a29.js       31.7 kB
  Ôö£ chunks/fd9d1056-c57e591c5cbfd6d8.js  53.6 kB
  Ôöö other shared chunks (total)          2.04 kB


Ôùï  (Static)  prerendered as static content
ÔùÅ  (SSG)     prerendered as static HTML (uses getStaticProps)

